src/admin/admin-seed.service.ts(152,19): error TS2345: Argument of type '{ id: string; title: string; }' is not assignable to parameter of type 'never'.
src/admin/admin-seed.service.ts(190,72): error TS2339: Property 'id' does not exist on type 'never'.
src/admin/admin-seed.service.ts(195,36): error TS2339: Property 'id' does not exist on type 'never'.
